Archive member included to satisfy reference by file (symbol)

C:/ST/STM32CubeIDE_1.14.0/STM32CubeIDE/plugins/com.st.stm32cube.ide.mcu.externaltools.gnu-tools-for-stm32.11.3.rel1.win32_1.1.100.202309141235/tools/bin/../lib/gcc/arm-none-eabi/11.3.1/../../../../arm-none-eabi/lib/thumb/v7e-m+fp/hard\libc_nano.a(libc_a-exit.o)
                              C:/ST/STM32CubeIDE_1.14.0/STM32CubeIDE/plugins/com.st.stm32cube.ide.mcu.externaltools.gnu-tools-for-stm32.11.3.rel1.win32_1.1.100.202309141235/tools/bin/../lib/gcc/arm-none-eabi/11.3.1/../../../../arm-none-eabi/lib/thumb/v7e-m+fp/hard/crt0.o (exit)
C:/ST/STM32CubeIDE_1.14.0/STM32CubeIDE/plugins/com.st.stm32cube.ide.mcu.externaltools.gnu-tools-for-stm32.11.3.rel1.win32_1.1.100.202309141235/tools/bin/../lib/gcc/arm-none-eabi/11.3.1/../../../../arm-none-eabi/lib/thumb/v7e-m+fp/hard\libc_nano.a(libc_a-findfp.o)
                              C:/ST/STM32CubeIDE_1.14.0/STM32CubeIDE/plugins/com.st.stm32cube.ide.mcu.externaltools.gnu-tools-for-stm32.11.3.rel1.win32_1.1.100.202309141235/tools/bin/../lib/gcc/arm-none-eabi/11.3.1/../../../../arm-none-eabi/lib/thumb/v7e-m+fp/hard\libc_nano.a(libc_a-exit.o) (__stdio_exit_handler)
C:/ST/STM32CubeIDE_1.14.0/STM32CubeIDE/plugins/com.st.stm32cube.ide.mcu.externaltools.gnu-tools-for-stm32.11.3.rel1.win32_1.1.100.202309141235/tools/bin/../lib/gcc/arm-none-eabi/11.3.1/../../../../arm-none-eabi/lib/thumb/v7e-m+fp/hard\libc_nano.a(libc_a-fwalk.o)
                              C:/ST/STM32CubeIDE_1.14.0/STM32CubeIDE/plugins/com.st.stm32cube.ide.mcu.externaltools.gnu-tools-for-stm32.11.3.rel1.win32_1.1.100.202309141235/tools/bin/../lib/gcc/arm-none-eabi/11.3.1/../../../../arm-none-eabi/lib/thumb/v7e-m+fp/hard\libc_nano.a(libc_a-findfp.o) (_fwalk_sglue)
C:/ST/STM32CubeIDE_1.14.0/STM32CubeIDE/plugins/com.st.stm32cube.ide.mcu.externaltools.gnu-tools-for-stm32.11.3.rel1.win32_1.1.100.202309141235/tools/bin/../lib/gcc/arm-none-eabi/11.3.1/../../../../arm-none-eabi/lib/thumb/v7e-m+fp/hard\libc_nano.a(libc_a-stdio.o)
                              C:/ST/STM32CubeIDE_1.14.0/STM32CubeIDE/plugins/com.st.stm32cube.ide.mcu.externaltools.gnu-tools-for-stm32.11.3.rel1.win32_1.1.100.202309141235/tools/bin/../lib/gcc/arm-none-eabi/11.3.1/../../../../arm-none-eabi/lib/thumb/v7e-m+fp/hard\libc_nano.a(libc_a-findfp.o) (__sread)
C:/ST/STM32CubeIDE_1.14.0/STM32CubeIDE/plugins/com.st.stm32cube.ide.mcu.externaltools.gnu-tools-for-stm32.11.3.rel1.win32_1.1.100.202309141235/tools/bin/../lib/gcc/arm-none-eabi/11.3.1/../../../../arm-none-eabi/lib/thumb/v7e-m+fp/hard\libc_nano.a(libc_a-memset.o)
                              C:/ST/STM32CubeIDE_1.14.0/STM32CubeIDE/plugins/com.st.stm32cube.ide.mcu.externaltools.gnu-tools-for-stm32.11.3.rel1.win32_1.1.100.202309141235/tools/bin/../lib/gcc/arm-none-eabi/11.3.1/../../../../arm-none-eabi/lib/thumb/v7e-m+fp/hard/crt0.o (memset)
C:/ST/STM32CubeIDE_1.14.0/STM32CubeIDE/plugins/com.st.stm32cube.ide.mcu.externaltools.gnu-tools-for-stm32.11.3.rel1.win32_1.1.100.202309141235/tools/bin/../lib/gcc/arm-none-eabi/11.3.1/../../../../arm-none-eabi/lib/thumb/v7e-m+fp/hard\libc_nano.a(libc_a-closer.o)
                              C:/ST/STM32CubeIDE_1.14.0/STM32CubeIDE/plugins/com.st.stm32cube.ide.mcu.externaltools.gnu-tools-for-stm32.11.3.rel1.win32_1.1.100.202309141235/tools/bin/../lib/gcc/arm-none-eabi/11.3.1/../../../../arm-none-eabi/lib/thumb/v7e-m+fp/hard\libc_nano.a(libc_a-stdio.o) (_close_r)
C:/ST/STM32CubeIDE_1.14.0/STM32CubeIDE/plugins/com.st.stm32cube.ide.mcu.externaltools.gnu-tools-for-stm32.11.3.rel1.win32_1.1.100.202309141235/tools/bin/../lib/gcc/arm-none-eabi/11.3.1/../../../../arm-none-eabi/lib/thumb/v7e-m+fp/hard\libc_nano.a(libc_a-reent.o)
                              C:/ST/STM32CubeIDE_1.14.0/STM32CubeIDE/plugins/com.st.stm32cube.ide.mcu.externaltools.gnu-tools-for-stm32.11.3.rel1.win32_1.1.100.202309141235/tools/bin/../lib/gcc/arm-none-eabi/11.3.1/../../../../arm-none-eabi/lib/thumb/v7e-m+fp/hard\libc_nano.a(libc_a-closer.o) (errno)
C:/ST/STM32CubeIDE_1.14.0/STM32CubeIDE/plugins/com.st.stm32cube.ide.mcu.externaltools.gnu-tools-for-stm32.11.3.rel1.win32_1.1.100.202309141235/tools/bin/../lib/gcc/arm-none-eabi/11.3.1/../../../../arm-none-eabi/lib/thumb/v7e-m+fp/hard\libc_nano.a(libc_a-impure.o)
                              C:/ST/STM32CubeIDE_1.14.0/STM32CubeIDE/plugins/com.st.stm32cube.ide.mcu.externaltools.gnu-tools-for-stm32.11.3.rel1.win32_1.1.100.202309141235/tools/bin/../lib/gcc/arm-none-eabi/11.3.1/../../../../arm-none-eabi/lib/thumb/v7e-m+fp/hard\libc_nano.a(libc_a-reent.o) (_impure_ptr)
C:/ST/STM32CubeIDE_1.14.0/STM32CubeIDE/plugins/com.st.stm32cube.ide.mcu.externaltools.gnu-tools-for-stm32.11.3.rel1.win32_1.1.100.202309141235/tools/bin/../lib/gcc/arm-none-eabi/11.3.1/../../../../arm-none-eabi/lib/thumb/v7e-m+fp/hard\libc_nano.a(libc_a-lseekr.o)
[...]
Memory Configuration

Name             Origin             Length             Attributes
CCMSRAM          0x0000000010000000 0x0000000000008000 xrw
RAM              0x0000000020000000 0x0000000000020000 xrw
FLASH            0x0000000008000000 0x0000000000080000 xr
*default*        0x0000000000000000 0xffffffffffffffff

Linker script and memory map

LOAD C:/ST/STM32CubeIDE_1.14.0/STM32CubeIDE/plugins/com.st.stm32cube.ide.mcu.externaltools.gnu-tools-for-stm32.11.3.rel1.win32_1.1.100.202309141235/tools/bin/../lib/gcc/arm-none-eabi/11.3.1/thumb/v7e-m+fp/hard/crti.o
LOAD C:/ST/STM32CubeIDE_1.14.0/STM32CubeIDE/plugins/com.st.stm32cube.ide.mcu.externaltools.gnu-tools-for-stm32.11.3.rel1.win32_1.1.100.202309141235/tools/bin/../lib/gcc/arm-none-eabi/11.3.1/thumb/v7e-m+fp/hard/crtbegin.o
LOAD C:/ST/STM32CubeIDE_1.14.0/STM32CubeIDE/plugins/com.st.stm32cube.ide.mcu.externaltools.gnu-tools-for-stm32.11.3.rel1.win32_1.1.100.202309141235/tools/bin/../lib/gcc/arm-none-eabi/11.3.1/../../../../arm-none-eabi/lib/thumb/v7e-m+fp/hard/crt0.o
LOAD ./Src/led.o
LOAD ./Src/lpuart.o
LOAD ./Src/main.o
LOAD ./Src/software_timers.o
LOAD ./Src/sys_clocks.o
LOAD ./Src/syscalls.o
LOAD ./Src/sysmem.o
LOAD ./Src/tester.o
LOAD ./Startup/startup_stm32g474retx.o
START GROUP
LOAD C:/ST/STM32CubeIDE_1.14.0/STM32CubeIDE/plugins/com.st.stm32cube.ide.mcu.externaltools.gnu-tools-for-stm32.11.3.rel1.win32_1.1.100.202309141235/tools/bin/../lib/gcc/arm-none-eabi/11.3.1/../../../../arm-none-eabi/lib/thumb/v7e-m+fp/hard\libc_nano.a
LOAD C:/ST/STM32CubeIDE_1.14.0/STM32CubeIDE/plugins/com.st.stm32cube.ide.mcu.externaltools.gnu-tools-for-stm32.11.3.rel1.win32_1.1.100.202309141235/tools/bin/../lib/gcc/arm-none-eabi/11.3.1/../../../../arm-none-eabi/lib/thumb/v7e-m+fp/hard\libm.a
END GROUP
START GROUP
LOAD C:/ST/STM32CubeIDE_1.14.0/STM32CubeIDE/plugins/com.st.stm32cube.ide.mcu.externaltools.gnu-tools-for-stm32.11.3.rel1.win32_1.1.100.202309141235/tools/bin/../lib/gcc/arm-none-eabi/11.3.1/thumb/v7e-m+fp/hard\libgcc.a
LOAD C:/ST/STM32CubeIDE_1.14.0/STM32CubeIDE/plugins/com.st.stm32cube.ide.mcu.externaltools.gnu-tools-for-stm32.11.3.rel1.win32_1.1.100.202309141235/tools/bin/../lib/gcc/arm-none-eabi/11.3.1/../../../../arm-none-eabi/lib/thumb/v7e-m+fp/hard\libc_nano.a
END GROUP
START GROUP
LOAD C:/ST/STM32CubeIDE_1.14.0/STM32CubeIDE/plugins/com.st.stm32cube.ide.mcu.externaltools.gnu-tools-for-stm32.11.3.rel1.win32_1.1.100.202309141235/tools/bin/../lib/gcc/arm-none-eabi/11.3.1/thumb/v7e-m+fp/hard\libgcc.a
LOAD C:/ST/STM32CubeIDE_1.14.0/STM32CubeIDE/plugins/com.st.stm32cube.ide.mcu.externaltools.gnu-tools-for-stm32.11.3.rel1.win32_1.1.100.202309141235/tools/bin/../lib/gcc/arm-none-eabi/11.3.1/../../../../arm-none-eabi/lib/thumb/v7e-m+fp/hard\libc_nano.a
LOAD C:/ST/STM32CubeIDE_1.14.0/STM32CubeIDE/plugins/com.st.stm32cube.ide.mcu.externaltools.gnu-tools-for-stm32.11.3.rel1.win32_1.1.100.202309141235/tools/bin/../lib/gcc/arm-none-eabi/11.3.1/../../../../arm-none-eabi/lib/thumb/v7e-m+fp/hard\libnosys.a
END GROUP
START GROUP
LOAD C:/ST/STM32CubeIDE_1.14.0/STM32CubeIDE/plugins/com.st.stm32cube.ide.mcu.externaltools.gnu-tools-for-stm32.11.3.rel1.win32_1.1.100.202309141235/tools/bin/../lib/gcc/arm-none-eabi/11.3.1/thumb/v7e-m+fp/hard\libgcc.a
LOAD C:/ST/STM32CubeIDE_1.14.0/STM32CubeIDE/plugins/com.st.stm32cube.ide.mcu.externaltools.gnu-tools-for-stm32.11.3.rel1.win32_1.1.100.202309141235/tools/bin/../lib/gcc/arm-none-eabi/11.3.1/../../../../arm-none-eabi/lib/thumb/v7e-m+fp/hard\libc_nano.a
LOAD C:/ST/STM32CubeIDE_1.14.0/STM32CubeIDE/plugins/com.st.stm32cube.ide.mcu.externaltools.gnu-tools-for-stm32.11.3.rel1.win32_1.1.100.202309141235/tools/bin/../lib/gcc/arm-none-eabi/11.3.1/../../../../arm-none-eabi/lib/thumb/v7e-m+fp/hard\libnosys.a
END GROUP
LOAD C:/ST/STM32CubeIDE_1.14.0/STM32CubeIDE/plugins/com.st.stm32cube.ide.mcu.externaltools.gnu-tools-for-stm32.11.3.rel1.win32_1.1.100.202309141235/tools/bin/../lib/gcc/arm-none-eabi/11.3.1/thumb/v7e-m+fp/hard/crtend.o
LOAD C:/ST/STM32CubeIDE_1.14.0/STM32CubeIDE/plugins/com.st.stm32cube.ide.mcu.externaltools.gnu-tools-for-stm32.11.3.rel1.win32_1.1.100.202309141235/tools/bin/../lib/gcc/arm-none-eabi/11.3.1/thumb/v7e-m+fp/hard/crtn.o
                0x0000000020020000                _estack = (ORIGIN (RAM) + LENGTH (RAM))
                0x0000000000000200                _Min_Heap_Size = 0x200
                0x0000000000000400                _Min_Stack_Size = 0x400

.isr_vector     0x0000000008000000      0x1d8
                0x0000000008000000                . = ALIGN (0x4)
 *(.isr_vector)
 .isr_vector    0x0000000008000000      0x1d8 ./Startup/startup_stm32g474retx.o
                0x0000000008000000                g_pfnVectors
                0x00000000080001d8                . = ALIGN (0x4)

.text           0x00000000080001d8      0x53c
                0x00000000080001d8                . = ALIGN (0x4)
 *(.text)
 .text          0x00000000080001d8       0x40 C:/ST/STM32CubeIDE_1.14.0/STM32CubeIDE/plugins/com.st.stm32cube.ide.mcu.externaltools.gnu-tools-for-stm32.11.3.rel1.win32_1.1.100.202309141235/tools/bin/../lib/gcc/arm-none-eabi/11.3.1/thumb/v7e-m+fp/hard/crtbegin.o
 *(.text*)
 .text.LED_LD2_Init
                0x0000000008000218       0x30 ./Src/led.o
                0x0000000008000218                LED_LD2_Init
 .text.LED_LD2_Toggle
                0x0000000008000248       0x1e ./Src/led.o
                0x0000000008000248                LED_LD2_Toggle
 *fill*         0x0000000008000266        0x2 
 .text.LPUART1_GPIO_Init
                0x0000000008000268       0x50 ./Src/lpuart.o
                0x0000000008000268                LPUART1_GPIO_Init
 .text.LPUART1_Config
                0x00000000080002b8       0x58 ./Src/lpuart.o
                0x00000000080002b8                LPUART1_Config
 .text.LPUART1_Init
                0x0000000008000310       0x10 ./Src/lpuart.o
                0x0000000008000310                LPUART1_Init
 .text.LPUART1_SendChar
                0x0000000008000320       0x30 ./Src/lpuart.o
                0x0000000008000320                LPUART1_SendChar
 .text.LPUART1_SendString
                0x0000000008000350       0x2c ./Src/lpuart.o
                0x0000000008000350                LPUART1_SendString
 .text.main     0x000000000800037c       0x58 ./Src/main.o
                0x000000000800037c                main
 .text.TaskLD2  0x00000000080003d4        0xc ./Src/main.o
                0x00000000080003d4                TaskLD2
 .text.TaskLPUART1
                0x00000000080003e0       0x14 ./Src/main.o
                0x00000000080003e0                TaskLPUART1
 .text.SoftTimerEvent
                0x00000000080003f4       0x44 ./Src/software_timers.o
                0x00000000080003f4                SoftTimerEvent
 .text.SoftTimerAction
                0x0000000008000438       0x1c ./Src/software_timers.o
                0x0000000008000438                SoftTimerAction
 .text.SoftTimerStart
                0x0000000008000454       0x28 ./Src/software_timers.o
                0x0000000008000454                SoftTimerStart
 .text.__NVIC_SetPriority
                0x000000000800047c       0x54 ./Src/sys_clocks.o
 .text.SysTick_Config
                0x00000000080004d0       0x44 ./Src/sys_clocks.o
 .text.SystemClockPLL48
                0x0000000008000514       0xb8 ./Src/sys_clocks.o
                0x0000000008000514                SystemClockPLL48
 .text.SystemClockSetup
                0x00000000080005cc       0x14 ./Src/sys_clocks.o
                0x00000000080005cc                SystemClockSetup
 .text.SysTick_Handler
                0x00000000080005e0       0x1c ./Src/sys_clocks.o
                0x00000000080005e0                SysTick_Handler
 .text.GetSystemTick
                0x00000000080005fc       0x18 ./Src/sys_clocks.o
                0x00000000080005fc                GetSystemTick
 .text.TEST1_Init
                0x0000000008000614       0x30 ./Src/tester.o
                0x0000000008000614                TEST1_Init
 .text.TEST1_Off
                0x0000000008000644       0x1c ./Src/tester.o
                0x0000000008000644                TEST1_Off
 .text.Reset_Handler
                0x0000000008000660       0x50 ./Startup/startup_stm32g474retx.o
                0x0000000008000660                Reset_Handler
 .text.Default_Handler
                0x00000000080006b0        0x2 ./Startup/startup_stm32g474retx.o
                0x00000000080006b0                EXTI2_IRQHandler
                0x00000000080006b0                TIM8_TRG_COM_IRQHandler
                0x00000000080006b0                TIM8_CC_IRQHandler
                0x00000000080006b0                DMA2_CH8_IRQHandler
                0x00000000080006b0                DebugMon_Handler
                0x00000000080006b0                DMA1_CH4_IRQHandler
                0x00000000080006b0                SPI4_IRQHandler
                0x00000000080006b0                HRTIM_TIM_FLT_IRQn_IRQHandler
                0x00000000080006b0                FDCAN3_IT0_IRQHandler
                0x00000000080006b0                TIM1_CC_IRQHandler
                0x00000000080006b0                Cordic_IRQHandler
                0x00000000080006b0                HardFault_Handler
                0x00000000080006b0                USB_HP_IRQHandler
                0x00000000080006b0                PendSV_Handler
                0x00000000080006b0                NMI_Handler
                0x00000000080006b0                HRTIM_TIMD_IRQn_IRQHandler
                0x00000000080006b0                EXTI3_IRQHandler
                0x00000000080006b0                I2C3_ER_IRQHandler
                0x00000000080006b0                HRTIM_Master_IRQn_IRQHandler
                0x00000000080006b0                DMA1_CH8_IRQHandler
                0x00000000080006b0                TIM6_DACUNDER_IRQHandler
                0x00000000080006b0                EXTI0_IRQHandler
                0x00000000080006b0                I2C2_EV_IRQHandler
                0x00000000080006b0                DMA2_CH1_IRQHandler
                0x00000000080006b0                FDCAN1_IT1_IRQHandler
                0x00000000080006b0                TIM1_UP_TIM16_IRQHandler
                0x00000000080006b0                DMA2_CH7_IRQHandler
                0x00000000080006b0                UsageFault_Handler
                0x00000000080006b0                ADC1_2_IRQHandler
                0x00000000080006b0                SPI1_IRQHandler
                0x00000000080006b0                DMA1_CH7_IRQHandler
                0x00000000080006b0                HRTIM_TIMB_IRQn_IRQHandler
                0x00000000080006b0                TIM8_UP_IRQHandler
                0x00000000080006b0                USBWakeUP_IRQHandler
                0x00000000080006b0                RTC_ALARM_IRQHandler
                0x00000000080006b0                DMA1_CH6_IRQHandler
                0x00000000080006b0                TIM20_TRG_COM_IRQHandler
                0x00000000080006b0                USART3_IRQHandler
                0x00000000080006b0                LPUART_IRQHandler
                0x00000000080006b0                UART5_IRQHandler
                0x00000000080006b0                ADC3_IRQHandler
                0x00000000080006b0                TIM4_IRQHandler
                0x00000000080006b0                QUADSPI_IRQHandler
                0x00000000080006b0                I2C1_EV_IRQHandler
                0x00000000080006b0                DMA2_CH5_IRQHandler
                0x00000000080006b0                UART4_IRQHandler
                0x00000000080006b0                DMA1_CH3_IRQHandler
                0x00000000080006b0                TIM3_IRQHandler
                0x00000000080006b0                RCC_IRQHandler
                0x00000000080006b0                TIM20_UP_IRQHandler
                0x00000000080006b0                TIM1_TRG_COM_IRQHandler
                0x00000000080006b0                Default_Handler
                0x00000000080006b0                FMAC_IRQHandler
                0x00000000080006b0                EXTI15_10_IRQHandler
                0x00000000080006b0                TIM7_IRQHandler
                0x00000000080006b0                FDCAN3_IT1_IRQHandler
                0x00000000080006b0                TIM5_IRQHandler
                0x00000000080006b0                UCPD1_IRQHandler
                0x00000000080006b0                I2C3_EV_IRQHandler
                0x00000000080006b0                EXTI9_5_IRQHandler
                0x00000000080006b0                DMA1_CH2_IRQHandler
                0x00000000080006b0                RTC_WKUP_IRQHandler
                0x00000000080006b0                SAI_IRQHandler
                0x00000000080006b0                PVD_PVM_IRQHandler
                0x00000000080006b0                SPI2_IRQHandler
                0x00000000080006b0                DMA1_CH1_IRQHandler
                0x00000000080006b0                MemManage_Handler
                0x00000000080006b0                ADC5_IRQHandler
                0x00000000080006b0                SVC_Handler
                0x00000000080006b0                CRS_IRQHandler
                0x00000000080006b0                USB_LP_IRQHandler
                0x00000000080006b0                EXTI4_IRQHandler
                0x00000000080006b0                RNG_IRQHandler
                0x00000000080006b0                FDCAN2_IT1_IRQHandler
                0x00000000080006b0                HRTIM_TIMF_IRQn_IRQHandler
                0x00000000080006b0                ADC4_IRQHandler
                0x00000000080006b0                HRTIM_TIMA_IRQn_IRQHandler
                0x00000000080006b0                WWDG_IRQHandler
                0x00000000080006b0                I2C4_EV_IRQHandler
                0x00000000080006b0                FDCAN2_IT0_IRQHandler
                0x00000000080006b0                FDCAN1_IT0_IRQHandler
                0x00000000080006b0                TIM2_IRQHandler
                0x00000000080006b0                COMP7_IRQHandler
                0x00000000080006b0                COMP1_2_3_IRQHandler
                0x00000000080006b0                EXTI1_IRQHandler
                0x00000000080006b0                HRTIM_TIMC_IRQn_IRQHandler
                0x00000000080006b0                USART2_IRQHandler
                0x00000000080006b0                COMP4_5_6_IRQHandler
                0x00000000080006b0                TIM20_BRK_IRQHandler
                0x00000000080006b0                I2C2_ER_IRQHandler
                0x00000000080006b0                TIM8_BRK_IRQHandler
                0x00000000080006b0                FLASH_IRQHandler
                0x00000000080006b0                TIM20_CC_IRQHandler
                0x00000000080006b0                BusFault_Handler
                0x00000000080006b0                USART1_IRQHandler
                0x00000000080006b0                SPI3_IRQHandler
                0x00000000080006b0                DMA2_CH6_IRQHandler
                0x00000000080006b0                DMA2_CH3_IRQHandler
                0x00000000080006b0                DMA2_CH2_IRQHandler
                0x00000000080006b0                I2C1_ER_IRQHandler
                0x00000000080006b0                FMC_IRQHandler
                0x00000000080006b0                DMA1_CH5_IRQHandler
                0x00000000080006b0                DMA2_CH4_IRQHandler
                0x00000000080006b0                LPTIM1_IRQHandler
                0x00000000080006b0                DMAMUX_OVR_IRQHandler
                0x00000000080006b0                I2C4_ER_IRQHandler
                0x00000000080006b0                HRTIM_TIME_IRQn_IRQHandler
                0x00000000080006b0                RTC_TAMP_CSS_LSE_IRQHandler
                0x00000000080006b0                TIM1_BRK_TIM15_IRQHandler
 *fill*         0x00000000080006b2        0x2 
 .text.__libc_init_array
                0x00000000080006b4       0x48 C:/ST/STM32CubeIDE_1.14.0/STM32CubeIDE/plugins/com.st.stm32cube.ide.mcu.externaltools.gnu-tools-for-stm32.11.3.rel1.win32_1.1.100.202309141235/tools/bin/../lib/gcc/arm-none-eabi/11.3.1/../../../../arm-none-eabi/lib/thumb/v7e-m+fp/hard\libc_nano.a(libc_a-init.o)
                0x00000000080006b4                __libc_init_array
 *(.glue_7)
 .glue_7        0x00000000080006fc        0x0 linker stubs
 *(.glue_7t)
 .glue_7t       0x00000000080006fc        0x0 linker stubs
 *(.eh_frame)
 .eh_frame      0x00000000080006fc        0x0 C:/ST/STM32CubeIDE_1.14.0/STM32CubeIDE/plugins/com.st.stm32cube.ide.mcu.externaltools.gnu-tools-for-stm32.11.3.rel1.win32_1.1.100.202309141235/tools/bin/../lib/gcc/arm-none-eabi/11.3.1/thumb/v7e-m+fp/hard/crtbegin.o
 *(.init)
 .init          0x00000000080006fc        0x4 C:/ST/STM32CubeIDE_1.14.0/STM32CubeIDE/plugins/com.st.stm32cube.ide.mcu.externaltools.gnu-tools-for-stm32.11.3.rel1.win32_1.1.100.202309141235/tools/bin/../lib/gcc/arm-none-eabi/11.3.1/thumb/v7e-m+fp/hard/crti.o
                0x00000000080006fc                _init
 .init          0x0000000008000700        0x8 C:/ST/STM32CubeIDE_1.14.0/STM32CubeIDE/plugins/com.st.stm32cube.ide.mcu.externaltools.gnu-tools-for-stm32.11.3.rel1.win32_1.1.100.202309141235/tools/bin/../lib/gcc/arm-none-eabi/11.3.1/thumb/v7e-m+fp/hard/crtn.o
 *(.fini)
 .fini          0x0000000008000708        0x4 C:/ST/STM32CubeIDE_1.14.0/STM32CubeIDE/plugins/com.st.stm32cube.ide.mcu.externaltools.gnu-tools-for-stm32.11.3.rel1.win32_1.1.100.202309141235/tools/bin/../lib/gcc/arm-none-eabi/11.3.1/thumb/v7e-m+fp/hard/crti.o
                0x0000000008000708                _fini
 .fini          0x000000000800070c        0x8 C:/ST/STM32CubeIDE_1.14.0/STM32CubeIDE/plugins/com.st.stm32cube.ide.mcu.externaltools.gnu-tools-for-stm32.11.3.rel1.win32_1.1.100.202309141235/tools/bin/../lib/gcc/arm-none-eabi/11.3.1/thumb/v7e-m+fp/hard/crtn.o
                0x0000000008000714                . = ALIGN (0x4)
                0x0000000008000714                _etext = .

.vfp11_veneer   0x0000000008000714        0x0
 .vfp11_veneer  0x0000000008000714        0x0 linker stubs

.v4_bx          0x0000000008000714        0x0
 .v4_bx         0x0000000008000714        0x0 linker stubs

.iplt           0x0000000008000714        0x0
 .iplt          0x0000000008000714        0x0 C:/ST/STM32CubeIDE_1.14.0/STM32CubeIDE/plugins/com.st.stm32cube.ide.mcu.externaltools.gnu-tools-for-stm32.11.3.rel1.win32_1.1.100.202309141235/tools/bin/../lib/gcc/arm-none-eabi/11.3.1/thumb/v7e-m+fp/hard/crtbegin.o

.rodata         0x0000000008000714        0x8
                0x0000000008000714                . = ALIGN (0x4)
 *(.rodata)
 .rodata        0x0000000008000714        0x7 ./Src/main.o
 *(.rodata*)
                0x000000000800071c                . = ALIGN (0x4)
 *fill*         0x000000000800071b        0x1 

.rel.dyn        0x000000000800071c        0x0
 .rel.iplt      0x000000000800071c        0x0 C:/ST/STM32CubeIDE_1.14.0/STM32CubeIDE/plugins/com.st.stm32cube.ide.mcu.externaltools.gnu-tools-for-stm32.11.3.rel1.win32_1.1.100.202309141235/tools/bin/../lib/gcc/arm-none-eabi/11.3.1/thumb/v7e-m+fp/hard/crtbegin.o

.ARM.extab      0x000000000800071c        0x0
                0x000000000800071c                . = ALIGN (0x4)
 *(.ARM.extab* .gnu.linkonce.armextab.*)
                0x000000000800071c                . = ALIGN (0x4)

.ARM            0x000000000800071c        0x0
                0x000000000800071c                . = ALIGN (0x4)
                0x000000000800071c                __exidx_start = .
 *(.ARM.exidx*)
                0x000000000800071c                __exidx_end = .
                0x000000000800071c                . = ALIGN (0x4)

.preinit_array  0x000000000800071c        0x0
                0x000000000800071c                . = ALIGN (0x4)
                0x000000000800071c                PROVIDE (__preinit_array_start = .)
 *(.preinit_array*)
                0x000000000800071c                PROVIDE (__preinit_array_end = .)
                0x000000000800071c                . = ALIGN (0x4)

.init_array     0x000000000800071c        0x4
                0x000000000800071c                . = ALIGN (0x4)
                0x000000000800071c                PROVIDE (__init_array_start = .)
 *(SORT_BY_NAME(.init_array.*))
 *(.init_array*)
 .init_array    0x000000000800071c        0x4 C:/ST/STM32CubeIDE_1.14.0/STM32CubeIDE/plugins/com.st.stm32cube.ide.mcu.externaltools.gnu-tools-for-stm32.11.3.rel1.win32_1.1.100.202309141235/tools/bin/../lib/gcc/arm-none-eabi/11.3.1/thumb/v7e-m+fp/hard/crtbegin.o
                0x0000000008000720                PROVIDE (__init_array_end = .)
                0x0000000008000720                . = ALIGN (0x4)

.fini_array     0x0000000008000720        0x4
                0x0000000008000720                . = ALIGN (0x4)
                [!provide]                        PROVIDE (__fini_array_start = .)
 *(SORT_BY_NAME(.fini_array.*))
 *(.fini_array*)
 .fini_array    0x0000000008000720        0x4 C:/ST/STM32CubeIDE_1.14.0/STM32CubeIDE/plugins/com.st.stm32cube.ide.mcu.externaltools.gnu-tools-for-stm32.11.3.rel1.win32_1.1.100.202309141235/tools/bin/../lib/gcc/arm-none-eabi/11.3.1/thumb/v7e-m+fp/hard/crtbegin.o
                [!provide]                        PROVIDE (__fini_array_end = .)
                0x0000000008000724                . = ALIGN (0x4)
                0x0000000008000724                _sidata = LOADADDR (.data)

.data           0x0000000020000000        0x0 load address 0x0000000008000724
                0x0000000020000000                . = ALIGN (0x4)
                0x0000000020000000                _sdata = .
 *(.data)
 *(.data*)
 *(.RamFunc)
 *(.RamFunc*)
                0x0000000020000000                . = ALIGN (0x4)
                0x0000000020000000                _edata = .
                0x0000000008000724                _siccmsram = LOADADDR (.ccmsram)

.igot.plt       0x0000000020000000        0x0 load address 0x0000000008000724
 .igot.plt      0x0000000020000000        0x0 C:/ST/STM32CubeIDE_1.14.0/STM32CubeIDE/plugins/com.st.stm32cube.ide.mcu.externaltools.gnu-tools-for-stm32.11.3.rel1.win32_1.1.100.202309141235/tools/bin/../lib/gcc/arm-none-eabi/11.3.1/thumb/v7e-m+fp/hard/crtbegin.o

.ccmsram        0x0000000010000000        0x0 load address 0x0000000008000724
                0x0000000010000000                . = ALIGN (0x4)
                0x0000000010000000                _sccmsram = .
 *(.ccmsram)
 *(.ccmsram*)
                0x0000000010000000                . = ALIGN (0x4)
                0x0000000010000000                _eccmsram = .
                0x0000000010000000                . = ALIGN (0x4)

.bss            0x0000000020000000       0x38
                0x0000000020000000                _sbss = .
                0x0000000020000000                __bss_start__ = _sbss
 *(.bss)
 .bss           0x0000000020000000       0x1c C:/ST/STM32CubeIDE_1.14.0/STM32CubeIDE/plugins/com.st.stm32cube.ide.mcu.externaltools.gnu-tools-for-stm32.11.3.rel1.win32_1.1.100.202309141235/tools/bin/../lib/gcc/arm-none-eabi/11.3.1/thumb/v7e-m+fp/hard/crtbegin.o
 *(.bss*)
 .bss.TimerLD2  0x000000002000001c        0xc ./Src/main.o
                0x000000002000001c                TimerLD2
 .bss.TimerLPUART1
                0x0000000020000028        0xc ./Src/main.o
                0x0000000020000028                TimerLPUART1
 .bss.Tick      0x0000000020000034        0x4 ./Src/sys_clocks.o
                0x0000000020000034                Tick
 *(COMMON)
                0x0000000020000038                . = ALIGN (0x4)
                0x0000000020000038                _ebss = .
                0x0000000020000038                __bss_end__ = _ebss

._user_heap_stack
                0x0000000020000038      0x600
                0x0000000020000038                . = ALIGN (0x8)
                [!provide]                        PROVIDE (end = .)
                0x0000000020000038                PROVIDE (_end = .)
                0x0000000020000238                . = (. + _Min_Heap_Size)
 *fill*         0x0000000020000038      0x200 
                0x0000000020000638                . = (. + _Min_Stack_Size)
 *fill*         0x0000000020000238      0x400 
                0x0000000020000638                . = ALIGN (0x8)

/DISCARD/
 libc.a(*)
 libm.a(*)
 libgcc.a(*)

.ARM.attributes
                0x0000000000000000       0x30
 *(.ARM.attributes)
 .ARM.attributes
                0x0000000000000000       0x1e C:/ST/STM32CubeIDE_1.14.0/STM32CubeIDE/plugins/com.st.stm32cube.ide.mcu.externaltools.gnu-tools-for-stm32.11.3.rel1.win32_1.1.100.202309141235/tools/bin/../lib/gcc/arm-none-eabi/11.3.1/thumb/v7e-m+fp/hard/crti.o
 .ARM.attributes
                0x000000000000001e       0x34 C:/ST/STM32CubeIDE_1.14.0/STM32CubeIDE/plugins/com.st.stm32cube.ide.mcu.externaltools.gnu-tools-for-stm32.11.3.rel1.win32_1.1.100.202309141235/tools/bin/../lib/gcc/arm-none-eabi/11.3.1/thumb/v7e-m+fp/hard/crtbegin.o
 .ARM.attributes
                0x0000000000000052       0x34 ./Src/led.o
 .ARM.attributes
                0x0000000000000086       0x34 ./Src/lpuart.o
 .ARM.attributes
                0x00000000000000ba       0x34 ./Src/main.o
 .ARM.attributes
                0x00000000000000ee       0x34 ./Src/software_timers.o
 .ARM.attributes
                0x0000000000000122       0x34 ./Src/sys_clocks.o
 .ARM.attributes
                0x0000000000000156       0x34 ./Src/tester.o
 .ARM.attributes
                0x000000000000018a       0x21 ./Startup/startup_stm32g474retx.o
 .ARM.attributes
                0x00000000000001ab       0x34 C:/ST/STM32CubeIDE_1.14.0/STM32CubeIDE/plugins/com.st.stm32cube.ide.mcu.externaltools.gnu-tools-for-stm32.11.3.rel1.win32_1.1.100.202309141235/tools/bin/../lib/gcc/arm-none-eabi/11.3.1/../../../../arm-none-eabi/lib/thumb/v7e-m+fp/hard\libc_nano.a(libc_a-init.o)
 .ARM.attributes
                0x00000000000001df       0x1e C:/ST/STM32CubeIDE_1.14.0/STM32CubeIDE/plugins/com.st.stm32cube.ide.mcu.externaltools.gnu-tools-for-stm32.11.3.rel1.win32_1.1.100.202309141235/tools/bin/../lib/gcc/arm-none-eabi/11.3.1/thumb/v7e-m+fp/hard/crtn.o
OUTPUT(M4_UART_Blocking.elf elf32-littlearm)
LOAD linker stubs
LOAD C:/ST/STM32CubeIDE_1.14.0/STM32CubeIDE/plugins/com.st.stm32cube.ide.mcu.externaltools.gnu-tools-for-stm32.11.3.rel1.win32_1.1.100.202309141235/tools/bin/../lib/gcc/arm-none-eabi/11.3.1/../../../../arm-none-eabi/lib/thumb/v7e-m+fp/hard\libc.a
LOAD C:/ST/STM32CubeIDE_1.14.0/STM32CubeIDE/plugins/com.st.stm32cube.ide.mcu.externaltools.gnu-tools-for-stm32.11.3.rel1.win32_1.1.100.202309141235/tools/bin/../lib/gcc/arm-none-eabi/11.3.1/../../../../arm-none-eabi/lib/thumb/v7e-m+fp/hard\libm.a
LOAD C:/ST/STM32CubeIDE_1.14.0/STM32CubeIDE/plugins/com.st.stm32cube.ide.mcu.externaltools.gnu-tools-for-stm32.11.3.rel1.win32_1.1.100.202309141235/tools/bin/../lib/gcc/arm-none-eabi/11.3.1/thumb/v7e-m+fp/hard\libgcc.a

.comment        0x0000000000000000       0x43
 .comment       0x0000000000000000       0x43 C:/ST/STM32CubeIDE_1.14.0/STM32CubeIDE/plugins/com.st.stm32cube.ide.mcu.externaltools.gnu-tools-for-stm32.11.3.rel1.win32_1.1.100.202309141235/tools/bin/../lib/gcc/arm-none-eabi/11.3.1/thumb/v7e-m+fp/hard/crtbegin.o
                                         0x44 (size before relaxing)
 .comment       0x0000000000000043       0x44 ./Src/led.o
 .comment       0x0000000000000043       0x44 ./Src/lpuart.o
 .comment       0x0000000000000043       0x44 ./Src/main.o
 .comment       0x0000000000000043       0x44 ./Src/software_timers.o
 .comment       0x0000000000000043       0x44 ./Src/sys_clocks.o
 .comment       0x0000000000000043       0x44 ./Src/tester.o

.debug_info     0x0000000000000000     0x1bc2
 .debug_info    0x0000000000000000      0x366 ./Src/led.o
 .debug_info    0x0000000000000366      0x4a2 ./Src/lpuart.o
 .debug_info    0x0000000000000808      0x1e3 ./Src/main.o
 .debug_info    0x00000000000009eb      0x182 ./Src/software_timers.o
 .debug_info    0x0000000000000b6d      0xccc ./Src/sys_clocks.o
 .debug_info    0x0000000000001839      0x366 ./Src/tester.o
 .debug_info    0x0000000000001b9f       0x23 ./Startup/startup_stm32g474retx.o

.debug_abbrev   0x0000000000000000      0x68c
 .debug_abbrev  0x0000000000000000       0xb6 ./Src/led.o
 .debug_abbrev  0x00000000000000b6      0x14f ./Src/lpuart.o
 .debug_abbrev  0x0000000000000205       0xfa ./Src/main.o
 .debug_abbrev  0x00000000000002ff       0xe5 ./Src/software_timers.o
 .debug_abbrev  0x00000000000003e4      0x1e0 ./Src/sys_clocks.o
 .debug_abbrev  0x00000000000005c4       0xb6 ./Src/tester.o
 .debug_abbrev  0x000000000000067a       0x12 ./Startup/startup_stm32g474retx.o

.debug_aranges  0x0000000000000000      0x1b0
 .debug_aranges
                0x0000000000000000       0x38 ./Src/led.o
 .debug_aranges
                0x0000000000000038       0x48 ./Src/lpuart.o
 .debug_aranges
                0x0000000000000080       0x30 ./Src/main.o
 .debug_aranges
                0x00000000000000b0       0x38 ./Src/software_timers.o
 .debug_aranges
                0x00000000000000e8       0x68 ./Src/sys_clocks.o
 .debug_aranges
                0x0000000000000150       0x38 ./Src/tester.o
 .debug_aranges
                0x0000000000000188       0x28 ./Startup/startup_stm32g474retx.o

.debug_rnglists
                0x0000000000000000      0x124
 .debug_rnglists
                0x0000000000000000       0x25 ./Src/led.o
 .debug_rnglists
                0x0000000000000025       0x31 ./Src/lpuart.o
 .debug_rnglists
                0x0000000000000056       0x1f ./Src/main.o
 .debug_rnglists
                0x0000000000000075       0x25 ./Src/software_timers.o
 .debug_rnglists
                0x000000000000009a       0x4c ./Src/sys_clocks.o
 .debug_rnglists
                0x00000000000000e6       0x25 ./Src/tester.o
 .debug_rnglists
                0x000000000000010b       0x19 ./Startup/startup_stm32g474retx.o

.debug_macro    0x0000000000000000    0x1be95
 .debug_macro   0x0000000000000000       0xeb ./Src/led.o
 .debug_macro   0x00000000000000eb      0xab4 ./Src/led.o
 .debug_macro   0x0000000000000b9f       0x22 ./Src/led.o
 .debug_macro   0x0000000000000bc1       0x8e ./Src/led.o
 .debug_macro   0x0000000000000c4f       0x51 ./Src/led.o
 .debug_macro   0x0000000000000ca0      0x103 ./Src/led.o
 .debug_macro   0x0000000000000da3       0x6a ./Src/led.o
 .debug_macro   0x0000000000000e0d      0x1df ./Src/led.o
 .debug_macro   0x0000000000000fec       0x28 ./Src/led.o
 .debug_macro   0x0000000000001014       0x28 ./Src/led.o
 .debug_macro   0x000000000000103c       0x1c ./Src/led.o
 .debug_macro   0x0000000000001058       0x22 ./Src/led.o
 .debug_macro   0x000000000000107a       0xfb ./Src/led.o
 .debug_macro   0x0000000000001175     0x1011 ./Src/led.o
 .debug_macro   0x0000000000002186      0x11f ./Src/led.o
 .debug_macro   0x00000000000022a5    0x18b45 ./Src/led.o
 .debug_macro   0x000000000001adea       0x6d ./Src/led.o
 .debug_macro   0x000000000001ae57       0xeb ./Src/lpuart.o
 .debug_macro   0x000000000001af42      0x1ea ./Src/main.o
 .debug_macro   0x000000000001b12c       0x61 ./Src/main.o
 .debug_macro   0x000000000001b18d       0x2a ./Src/main.o
 .debug_macro   0x000000000001b1b7       0x43 ./Src/main.o
 .debug_macro   0x000000000001b1fa       0x34 ./Src/main.o
 .debug_macro   0x000000000001b22e       0x16 ./Src/main.o
 .debug_macro   0x000000000001b244       0x97 ./Src/main.o
 .debug_macro   0x000000000001b2db      0x369 ./Src/main.o
 .debug_macro   0x000000000001b644       0xfd ./Src/main.o
 .debug_macro   0x000000000001b741       0x10 ./Src/main.o
 .debug_macro   0x000000000001b751       0x16 ./Src/main.o
 .debug_macro   0x000000000001b767       0x43 ./Src/main.o
 .debug_macro   0x000000000001b7aa       0x34 ./Src/main.o
 .debug_macro   0x000000000001b7de       0x10 ./Src/main.o
 .debug_macro   0x000000000001b7ee       0x58 ./Src/main.o
 .debug_macro   0x000000000001b846       0x8e ./Src/main.o
 .debug_macro   0x000000000001b8d4       0x1c ./Src/main.o
 .debug_macro   0x000000000001b8f0      0x177 ./Src/main.o
 .debug_macro   0x000000000001ba67       0x16 ./Src/main.o
 .debug_macro   0x000000000001ba7d       0x16 ./Src/main.o
 .debug_macro   0x000000000001ba93      0x147 ./Src/main.o
 .debug_macro   0x000000000001bbda       0xeb ./Src/software_timers.o
 .debug_macro   0x000000000001bcc5       0xe5 ./Src/sys_clocks.o
 .debug_macro   0x000000000001bdaa       0xeb ./Src/tester.o

.debug_line     0x0000000000000000     0x257b
 .debug_line    0x0000000000000000      0x550 ./Src/led.o
 .debug_line    0x0000000000000550      0x5e2 ./Src/lpuart.o
 .debug_line    0x0000000000000b32      0x6d6 ./Src/main.o
 .debug_line    0x0000000000001208      0x58e ./Src/software_timers.o
 .debug_line    0x0000000000001796      0x814 ./Src/sys_clocks.o
 .debug_line    0x0000000000001faa      0x556 ./Src/tester.o
 .debug_line    0x0000000000002500       0x7b ./Startup/startup_stm32g474retx.o

.debug_str      0x0000000000000000    0xa2335
 .debug_str     0x0000000000000000    0x9ded0 ./Src/led.o
                                      0x9e068 (size before relaxing)
 .debug_str     0x000000000009ded0       0xaf ./Src/lpuart.o
                                      0x9e0d7 (size before relaxing)
 .debug_str     0x000000000009df7f     0x3ad2 ./Src/main.o
                                      0xa1a46 (size before relaxing)
 .debug_str     0x00000000000a1a51       0x43 ./Src/software_timers.o
                                      0x9df4f (size before relaxing)
 .debug_str     0x00000000000a1a94      0x84c ./Src/sys_clocks.o
                                      0x9e89b (size before relaxing)
 .debug_str     0x00000000000a22e0       0x26 ./Src/tester.o
                                      0x9e066 (size before relaxing)
 .debug_str     0x00000000000a2306       0x2f ./Startup/startup_stm32g474retx.o
                                         0x70 (size before relaxing)

.debug_frame    0x0000000000000000      0x4a0
 .debug_frame   0x0000000000000000       0x90 ./Src/led.o
 .debug_frame   0x0000000000000090       0xe8 ./Src/lpuart.o
 .debug_frame   0x0000000000000178       0x64 ./Src/main.o
 .debug_frame   0x00000000000001dc       0xa8 ./Src/software_timers.o
 .debug_frame   0x0000000000000284      0x160 ./Src/sys_clocks.o
 .debug_frame   0x00000000000003e4       0x90 ./Src/tester.o
 .debug_frame   0x0000000000000474       0x2c C:/ST/STM32CubeIDE_1.14.0/STM32CubeIDE/plugins/com.st.stm32cube.ide.mcu.externaltools.gnu-tools-for-stm32.11.3.rel1.win32_1.1.100.202309141235/tools/bin/../lib/gcc/arm-none-eabi/11.3.1/../../../../arm-none-eabi/lib/thumb/v7e-m+fp/hard\libc_nano.a(libc_a-init.o)

.debug_line_str
                0x0000000000000000       0x64
 .debug_line_str
                0x0000000000000000       0x64 ./Startup/startup_stm32g474retx.o
                                         0x7c (size before relaxing)
